[likhith-s.jimdosite.com/index.html]
[backblue.gif]
[fade.gif]
[index.html]
[jimdo-dolphin-static-assets-prod.freetls.fastly.net/renderer/static/1ef5016e60a78f91cb36.css]
[likhith-s.jimdosite.com/contact/index.html]
[likhith-s.jimdosite.com/index.html]
[likhith-s.jimdosite.com/portfolio/index.html]
[likhith-s.jimdosite.com/imprint/index.html]
[likhith-s.jimdosite.com/privacy-policy/index.html]
[jimdo-dolphin-static-assets-prod.freetls.fastly.net/renderer/static/c03a9045204594e61f07.js]
[jimdo-dolphin-static-assets-prod.freetls.fastly.net/renderer/static/spotify-logo.e2466eb47a52cecf57907b22cd3d7660.svg]
[likhith-s.jimdosite.com/cookie-policy/index.html]
[likhith-s.jimdosite.com/cookie-settings/index.html]
[jimdo-dolphin-static-assets-prod.freetls.fastly.net/renderer/static/soundcloud-logo.cf292ba1cd9cc81a3856a91f9e51a6b8.svg]
[jimdo-dolphin-static-assets-prod.freetls.fastly.net/renderer/static/apple-music-logo.563aa4fe9e4553319b35c16d805b271e.svg]
[jimdo-dolphin-static-assets-prod.freetls.fastly.net/renderer/static/music-icon.13abf923de64d1eb03c5e87dd2d60717.svg]
[jimdo-dolphin-static-assets-prod.freetls.fastly.net/renderer/static/camera_button.b364ee5144b6b265a29d1349ca54f6d3.svg]
[jimdo-dolphin-static-assets-prod.freetls.fastly.net/renderer/static/jimdo_logo_colored.9bed6580bd774b9b17141805c5d858aa.svg]
[jimdo-dolphin-static-assets-prod.freetls.fastly.net/renderer/static/tick_white_icon.6971fb32bb1f91e77fa01f8f3e698f27.svg]
[jimdo-dolphin-static-assets-prod.freetls.fastly.net/renderer/static/1ef5016e60a78f91cb36.css]
[likhith-s.jimdosite.com/portfolio/index.html]
[likhith-s.jimdosite.com/contact/index.html]
[likhith-s.jimdosite.com/imprint/index.html]
[likhith-s.jimdosite.com/privacy-policy/index.html]
[likhith-s.jimdosite.com/cookie-policy/index.html]
[likhith-s.jimdosite.com/cookie-settings/index.html]
[jimdo-dolphin-static-assets-prod.freetls.fastly.net/renderer/static/spotify-logo.e2466eb47a52cecf57907b22cd3d7660.svg]
[jimdo-dolphin-static-assets-prod.freetls.fastly.net/renderer/static/soundcloud-logo.cf292ba1cd9cc81a3856a91f9e51a6b8.svg]
[jimdo-dolphin-static-assets-prod.freetls.fastly.net/renderer/static/apple-music-logo.563aa4fe9e4553319b35c16d805b271e.svg]
[jimdo-dolphin-static-assets-prod.freetls.fastly.net/renderer/static/music-icon.13abf923de64d1eb03c5e87dd2d60717.svg]
[jimdo-dolphin-static-assets-prod.freetls.fastly.net/renderer/static/camera_button.b364ee5144b6b265a29d1349ca54f6d3.svg]
[jimdo-dolphin-static-assets-prod.freetls.fastly.net/renderer/static/jimdo_logo_colored.9bed6580bd774b9b17141805c5d858aa.svg]
[jimdo-dolphin-static-assets-prod.freetls.fastly.net/renderer/static/tick_white_icon.6971fb32bb1f91e77fa01f8f3e698f27.svg]
